// Jest Snapshot v1, https://goo.gl/fbAQLP

exports[`Test react component 1`] = `
<div>
  Testing
</div>
`;
